fatal error: UB: Tree Borrows: writing to the local of a pointer with Frozen permission
